// Jest Snapshot v1, https://goo.gl/fbAQLP

exports[`TESTAPP renders learn react link 1`] = `
<button>
  bttn
</button>
`;

exports[`renders learn react link 1`] = `
<button>
  bttn
</button>
`;
